apiVersion: rbac.authorization.k8s.io/v1
kind: ClusterRoleBinding
metadata:
  labels:
    app.kubernetes.io/instance: k8up
    app.kubernetes.io/managed-by: Helm
    app.kubernetes.io/name: k8up
    helm.sh/chart: k8up-3.0.2
  name: k8up
roleRef:
  apiGroup: rbac.authorization.k8s.io
  kind: ClusterRole
  name: k8up-manager
subjects:
- kind: ServiceAccount
  name: k8up
  namespace: syn-backup-k8up
