apiVersion: v1
kind: ServiceAccount
metadata:
  labels:
    app.kubernetes.io/instance: k8up
    app.kubernetes.io/managed-by: Tiller
    app.kubernetes.io/name: k8up
    app.kubernetes.io/version: v2.0.1
    helm.sh/chart: k8up-2.0.1
  name: k8up
