apiVersion: rbac.authorization.k8s.io/v1
kind: ClusterRole
metadata:
  labels:
    app.kubernetes.io/instance: k8up
    app.kubernetes.io/managed-by: Helm
    app.kubernetes.io/name: k8up
    helm.sh/chart: k8up-4.8.4
  name: k8up-manager
rules:
  - apiGroups:
      - apps
    resources:
      - deployments
    verbs:
      - create
      - delete
      - get
      - list
      - patch
      - update
      - watch
  - apiGroups:
      - batch
    resources:
      - jobs
    verbs:
      - create
      - delete
      - get
      - list
      - patch
      - update
      - watch
  - apiGroups:
      - coordination.k8s.io
    resources:
      - leases
    verbs:
      - create
      - get
      - list
      - update
  - apiGroups:
      - ''
    resources:
      - events
    verbs:
      - create
      - patch
  - apiGroups:
      - ''
    resources:
      - persistentvolumeclaims
    verbs:
      - get
      - list
      - watch
  - apiGroups:
      - ''
    resources:
      - persistentvolumes
    verbs:
      - get
      - list
      - watch
  - apiGroups:
      - ''
    resources:
      - pods
    verbs:
      - get
      - list
      - watch
  - apiGroups:
      - ''
    resources:
      - serviceaccounts
    verbs:
      - create
      - delete
      - get
      - list
      - watch
  - apiGroups:
      - k8up.io
    resources:
      - archives
    verbs:
      - create
      - delete
      - get
      - list
      - patch
      - update
      - watch
  - apiGroups:
      - k8up.io
    resources:
      - archives/finalizers
      - archives/status
    verbs:
      - get
      - patch
      - update
  - apiGroups:
      - k8up.io
    resources:
      - backups
    verbs:
      - create
      - delete
      - get
      - list
      - patch
      - update
      - watch
  - apiGroups:
      - k8up.io
    resources:
      - backups/finalizers
      - backups/status
    verbs:
      - get
      - patch
      - update
  - apiGroups:
      - k8up.io
    resources:
      - checks
    verbs:
      - create
      - delete
      - get
      - list
      - patch
      - update
      - watch
  - apiGroups:
      - k8up.io
    resources:
      - checks/finalizers
      - checks/status
    verbs:
      - get
      - patch
      - update
  - apiGroups:
      - k8up.io
    resources:
      - effectiveschedules
    verbs:
      - create
      - delete
      - get
      - list
      - patch
      - update
      - watch
  - apiGroups:
      - k8up.io
    resources:
      - effectiveschedules/finalizers
    verbs:
      - update
  - apiGroups:
      - k8up.io
    resources:
      - podconfigs
    verbs:
      - get
      - list
      - watch
  - apiGroups:
      - k8up.io
    resources:
      - prebackuppods
    verbs:
      - create
      - delete
      - get
      - list
      - patch
      - update
      - watch
  - apiGroups:
      - k8up.io
    resources:
      - prebackuppods/finalizers
      - prebackuppods/status
    verbs:
      - get
      - patch
      - update
  - apiGroups:
      - k8up.io
    resources:
      - prunes
    verbs:
      - create
      - delete
      - get
      - list
      - patch
      - update
      - watch
  - apiGroups:
      - k8up.io
    resources:
      - prunes/finalizers
      - prunes/status
    verbs:
      - get
      - patch
      - update
  - apiGroups:
      - k8up.io
    resources:
      - restores
    verbs:
      - create
      - delete
      - get
      - list
      - patch
      - update
      - watch
  - apiGroups:
      - k8up.io
    resources:
      - restores/finalizers
      - restores/status
    verbs:
      - get
      - patch
      - update
  - apiGroups:
      - k8up.io
    resources:
      - schedules
    verbs:
      - create
      - delete
      - get
      - list
      - patch
      - update
      - watch
  - apiGroups:
      - k8up.io
    resources:
      - schedules/finalizers
      - schedules/status
    verbs:
      - get
      - patch
      - update
  - apiGroups:
      - k8up.io
    resources:
      - snapshots
    verbs:
      - create
      - delete
      - get
      - list
      - patch
      - update
      - watch
  - apiGroups:
      - k8up.io
    resources:
      - snapshots/finalizers
      - snapshots/status
    verbs:
      - get
      - patch
      - update
  - apiGroups:
      - rbac.authorization.k8s.io
    resourceNames:
      - k8up-executor
    resources:
      - clusterroles
    verbs:
      - bind
  - apiGroups:
      - rbac.authorization.k8s.io
    resources:
      - rolebindings
    verbs:
      - create
      - delete
      - get
      - list
      - update
      - watch
