apiVersion: v1
kind: Service
metadata:
  labels:
    app.kubernetes.io/instance: k8up
    app.kubernetes.io/managed-by: Helm
    app.kubernetes.io/name: k8up
    helm.sh/chart: k8up-4.7.0
  name: k8up-metrics
spec:
  ports:
    - name: http
      port: 8080
      targetPort: http
  selector:
    app.kubernetes.io/instance: k8up
    app.kubernetes.io/name: k8up
  type: ClusterIP
